stm32f4xx_hal_msp.c:64:6:HAL_MspInit	8	static
stm32f4xx_hal_msp.c:86:6:HAL_DMA2D_MspInit	16	static
stm32f4xx_hal_msp.c:111:6:HAL_DMA2D_MspDeInit	0	static
stm32f4xx_hal_msp.c:136:6:HAL_I2C_MspInit	56	static
stm32f4xx_hal_msp.c:180:6:HAL_I2C_MspDeInit	8	static
stm32f4xx_hal_msp.c:211:6:HAL_LTDC_MspInit	72	static
stm32f4xx_hal_msp.c:325:6:HAL_LTDC_MspDeInit	8	static
stm32f4xx_hal_msp.c:389:6:HAL_SPI_MspInit	48	static
stm32f4xx_hal_msp.c:434:6:HAL_SPI_MspDeInit	0	static
stm32f4xx_hal_msp.c:465:6:HAL_TIM_Base_MspInit	8	static
stm32f4xx_hal_msp.c:487:6:HAL_TIM_Base_MspDeInit	0	static
stm32f4xx_hal_msp.c:509:6:HAL_UART_MspInit	40	static
stm32f4xx_hal_msp.c:545:6:HAL_UART_MspDeInit	0	static
stm32f4xx_hal_msp.c:675:6:HAL_SDRAM_MspInit	48	static
stm32f4xx_hal_msp.c:761:6:HAL_SDRAM_MspDeInit	8	static
