stm32f4xx_hal_msp.c:64:6:HAL_MspInit	8	static
stm32f4xx_hal_msp.c:86:6:HAL_DMA2D_MspInit	8	static
stm32f4xx_hal_msp.c:108:6:HAL_DMA2D_MspDeInit	0	static
stm32f4xx_hal_msp.c:130:6:HAL_I2C_MspInit	64	static
stm32f4xx_hal_msp.c:174:6:HAL_I2C_MspDeInit	8	static
stm32f4xx_hal_msp.c:205:6:HAL_LTDC_MspInit	72	static
stm32f4xx_hal_msp.c:316:6:HAL_LTDC_MspDeInit	8	static
stm32f4xx_hal_msp.c:378:6:HAL_SPI_MspInit	40	static
stm32f4xx_hal_msp.c:415:6:HAL_SPI_MspDeInit	0	static
stm32f4xx_hal_msp.c:445:6:HAL_UART_MspInit	40	static
stm32f4xx_hal_msp.c:484:6:HAL_UART_MspDeInit	8	static
stm32f4xx_hal_msp.c:616:6:HAL_SDRAM_MspInit	48	static
stm32f4xx_hal_msp.c:702:6:HAL_SDRAM_MspDeInit	8	static
