stm32f1xx_hal_can.c:366:19:HAL_CAN_ConfigFilter	16	static
stm32f1xx_hal_can.c:502:13:HAL_CAN_MspInit	0	static
stm32f1xx_hal_can.c:173:19:HAL_CAN_Init	16	static
stm32f1xx_hal_can.c:517:13:HAL_CAN_MspDeInit	0	static
stm32f1xx_hal_can.c:469:19:HAL_CAN_DeInit	8	static
stm32f1xx_hal_can.c:554:19:HAL_CAN_Transmit	24	static
stm32f1xx_hal_can.c:696:19:HAL_CAN_Transmit_IT	16	static
stm32f1xx_hal_can.c:817:19:HAL_CAN_Receive	24	static
stm32f1xx_hal_can.c:1004:19:HAL_CAN_Receive_IT	4	static
stm32f1xx_hal_can.c:1109:19:HAL_CAN_Sleep	16	static
stm32f1xx_hal_can.c:1170:19:HAL_CAN_WakeUp	16	static
stm32f1xx_hal_can.c:1417:13:HAL_CAN_TxCpltCallback	0	static
stm32f1xx_hal_can.c:1516:26:CAN_Transmit_IT	8	static
stm32f1xx_hal_can.c:1432:13:HAL_CAN_RxCpltCallback	0	static
stm32f1xx_hal_can.c:1567:26:CAN_Receive_IT	8	static
stm32f1xx_hal_can.c:1447:13:HAL_CAN_ErrorCallback	0	static
stm32f1xx_hal_can.c:1222:6:HAL_CAN_IRQHandler	16	static
stm32f1xx_hal_can.c:1482:22:HAL_CAN_GetState	0	static
stm32f1xx_hal_can.c:1494:10:HAL_CAN_GetError	0	static
