stm32f1xx_hal_rtc.c:1360:17:RTC_ReadTimeCounter	8	static
stm32f1xx_hal_rtc.c:1422:17:RTC_ReadAlarmCounter	0	static
stm32f1xx_hal_rtc.c:1523:16:RTC_ByteToBcd2	0	static
stm32f1xx_hal_rtc.c:1541:16:RTC_Bcd2ToByte	0	static
stm32f1xx_hal_rtc.c:1650:16:RTC_IsLeapYear	0	static
stm32f1xx_hal_rtc.c:1687:16:RTC_WeekDayNum	4	static
stm32f1xx_hal_rtc.c:1555:13:RTC_DateUpdate	32	static
stm32f1xx_hal_rtc.c:1471:26:RTC_EnterInitMode	16	static
stm32f1xx_hal_rtc.c:1498:26:RTC_ExitInitMode	16	static
stm32f1xx_hal_rtc.c:1390:26:RTC_WriteTimeCounter	16	static
stm32f1xx_hal_rtc.c:1439:26:RTC_WriteAlarmCounter	16	static
stm32f1xx_hal_rtc.c:427:13:HAL_RTC_MspInit	0	static
stm32f1xx_hal_rtc.c:442:13:HAL_RTC_MspDeInit	0	static
stm32f1xx_hal_rtc.c:480:19:HAL_RTC_SetTime	16	static
stm32f1xx_hal_rtc.c:579:19:HAL_RTC_GetTime	32	static
stm32f1xx_hal_rtc.c:690:19:HAL_RTC_SetDate	16	static
stm32f1xx_hal_rtc.c:804:19:HAL_RTC_GetDate	32	static
stm32f1xx_hal_rtc.c:869:19:HAL_RTC_SetAlarm	32	static
stm32f1xx_hal_rtc.c:961:19:HAL_RTC_SetAlarm_IT	32	static
stm32f1xx_hal_rtc.c:1066:19:HAL_RTC_GetAlarm	24	static
stm32f1xx_hal_rtc.c:1111:19:HAL_RTC_DeactivateAlarm	8	static
stm32f1xx_hal_rtc.c:1209:13:HAL_RTC_AlarmAEventCallback	0	static
stm32f1xx_hal_rtc.c:1181:6:HAL_RTC_AlarmIRQHandler	8	static
stm32f1xx_hal_rtc.c:1225:19:HAL_RTC_PollForAlarmAEvent	16	static
stm32f1xx_hal_rtc.c:1280:21:HAL_RTC_GetState	0	static
stm32f1xx_hal_rtc.c:1313:19:HAL_RTC_WaitForSynchro	16	static
stm32f1xx_hal_rtc.c:244:19:HAL_RTC_Init	8	static
stm32f1xx_hal_rtc.c:357:19:HAL_RTC_DeInit	16	static
