stm32f1xx_hal_usart.c:1884:13:USART_EndTxTransfer	0	static
stm32f1xx_hal_usart.c:1898:13:USART_EndRxTransfer	0	static
stm32f1xx_hal_usart.c:2004:26:USART_Transmit_IT	0	static
stm32f1xx_hal_usart.c:2246:13:USART_SetConfig	24	static
stm32f1xx_hal_usart.c:1851:26:USART_WaitOnFlagUntilTimeout	24	static
stm32f1xx_hal_usart.c:328:13:HAL_USART_MspInit	0	static
stm32f1xx_hal_usart.c:250:19:HAL_USART_Init	8	static
stm32f1xx_hal_usart.c:343:13:HAL_USART_MspDeInit	0	static
stm32f1xx_hal_usart.c:297:19:HAL_USART_DeInit	8	static
stm32f1xx_hal_usart.c:426:19:HAL_USART_Transmit	32	static
stm32f1xx_hal_usart.c:507:19:HAL_USART_Receive	32	static
stm32f1xx_hal_usart.c:613:19:HAL_USART_TransmitReceive	32	static
stm32f1xx_hal_usart.c:727:19:HAL_USART_Transmit_IT	0	static
stm32f1xx_hal_usart.c:776:19:HAL_USART_Receive_IT	0	static
stm32f1xx_hal_usart.c:826:19:HAL_USART_TransmitReceive_IT	4	static
stm32f1xx_hal_usart.c:878:19:HAL_USART_Transmit_DMA	16	static
stm32f1xx_hal_usart.c:942:19:HAL_USART_Receive_DMA	32	static
stm32f1xx_hal_usart.c:1034:19:HAL_USART_TransmitReceive_DMA	32	static
stm32f1xx_hal_usart.c:1121:19:HAL_USART_DMAPause	0	static
stm32f1xx_hal_usart.c:1141:19:HAL_USART_DMAResume	0	static
stm32f1xx_hal_usart.c:1161:19:HAL_USART_DMAStop	8	static
stm32f1xx_hal_usart.c:1218:19:HAL_USART_Abort	8	static
stm32f1xx_hal_usart.c:1541:13:HAL_USART_TxCpltCallback	0	static
stm32f1xx_hal_usart.c:1704:13:USART_DMATransmitCplt	8	static
stm32f1xx_hal_usart.c:2050:26:USART_EndTransmit_IT	8	static
stm32f1xx_hal_usart.c:1556:13:HAL_USART_TxHalfCpltCallback	0	static
stm32f1xx_hal_usart.c:1737:13:USART_DMATxHalfCplt	8	static
stm32f1xx_hal_usart.c:1571:13:HAL_USART_RxCpltCallback	0	static
stm32f1xx_hal_usart.c:2071:26:USART_Receive_IT	8	static
stm32f1xx_hal_usart.c:1586:13:HAL_USART_RxHalfCpltCallback	0	static
stm32f1xx_hal_usart.c:1802:13:USART_DMARxHalfCplt	8	static
stm32f1xx_hal_usart.c:1601:13:HAL_USART_TxRxCpltCallback	0	static
stm32f1xx_hal_usart.c:1749:13:USART_DMAReceiveCplt	8	static
stm32f1xx_hal_usart.c:2143:26:USART_TransmitReceive_IT	8	static
stm32f1xx_hal_usart.c:1616:13:HAL_USART_ErrorCallback	0	static
stm32f1xx_hal_usart.c:1814:13:USART_DMAError	8	static
stm32f1xx_hal_usart.c:1397:6:HAL_USART_IRQHandler	8	static
stm32f1xx_hal_usart.c:1914:13:USART_DMAAbortOnError	8	static
stm32f1xx_hal_usart.c:1630:13:HAL_USART_AbortCpltCallback	0	static
stm32f1xx_hal_usart.c:1284:19:HAL_USART_Abort_IT	8	static
stm32f1xx_hal_usart.c:1968:13:USART_DMARxAbortCallback	8	static
stm32f1xx_hal_usart.c:1931:13:USART_DMATxAbortCallback	8	static
stm32f1xx_hal_usart.c:1669:24:HAL_USART_GetState	0	static
stm32f1xx_hal_usart.c:1680:10:HAL_USART_GetError	0	static
