stm32f1xx_hal_smartcard.c:1445:13:SMARTCARD_DMATransmitCplt	0	static
stm32f1xx_hal_smartcard.c:1557:13:SMARTCARD_EndTxTransfer	0	static
stm32f1xx_hal_smartcard.c:1572:13:SMARTCARD_EndRxTransfer	0	static
stm32f1xx_hal_smartcard.c:1723:26:SMARTCARD_Transmit_IT	0	static
stm32f1xx_hal_smartcard.c:1821:13:SMARTCARD_SetConfig	32	static
stm32f1xx_hal_smartcard.c:1525:26:SMARTCARD_WaitOnFlagUntilTimeout	24	static
stm32f1xx_hal_smartcard.c:348:13:HAL_SMARTCARD_MspInit	0	static
stm32f1xx_hal_smartcard.c:249:19:HAL_SMARTCARD_Init	8	static
stm32f1xx_hal_smartcard.c:363:13:HAL_SMARTCARD_MspDeInit	0	static
stm32f1xx_hal_smartcard.c:316:19:HAL_SMARTCARD_DeInit	8	static
stm32f1xx_hal_smartcard.c:438:19:HAL_SMARTCARD_Transmit	32	static
stm32f1xx_hal_smartcard.c:501:19:HAL_SMARTCARD_Receive	32	static
stm32f1xx_hal_smartcard.c:560:19:HAL_SMARTCARD_Transmit_IT	0	static
stm32f1xx_hal_smartcard.c:607:19:HAL_SMARTCARD_Receive_IT	0	static
stm32f1xx_hal_smartcard.c:652:19:HAL_SMARTCARD_Transmit_DMA	16	static
stm32f1xx_hal_smartcard.c:714:19:HAL_SMARTCARD_Receive_DMA	24	static
stm32f1xx_hal_smartcard.c:784:19:HAL_SMARTCARD_Abort	8	static
stm32f1xx_hal_smartcard.c:848:19:HAL_SMARTCARD_AbortTransmit	8	static
stm32f1xx_hal_smartcard.c:890:19:HAL_SMARTCARD_AbortReceive	8	static
stm32f1xx_hal_smartcard.c:1306:13:HAL_SMARTCARD_TxCpltCallback	0	static
stm32f1xx_hal_smartcard.c:1757:26:SMARTCARD_EndTransmit_IT	8	static
stm32f1xx_hal_smartcard.c:1321:13:HAL_SMARTCARD_RxCpltCallback	0	static
stm32f1xx_hal_smartcard.c:1465:13:SMARTCARD_DMAReceiveCplt	8	static
stm32f1xx_hal_smartcard.c:1779:26:SMARTCARD_Receive_IT	8	static
stm32f1xx_hal_smartcard.c:1336:13:HAL_SMARTCARD_ErrorCallback	0	static
stm32f1xx_hal_smartcard.c:1491:13:SMARTCARD_DMAError	8	static
stm32f1xx_hal_smartcard.c:1179:6:HAL_SMARTCARD_IRQHandler	8	static
stm32f1xx_hal_smartcard.c:1590:13:SMARTCARD_DMAAbortOnError	8	static
stm32f1xx_hal_smartcard.c:1350:13:HAL_SMARTCARD_AbortCpltCallback	0	static
stm32f1xx_hal_smartcard.c:935:19:HAL_SMARTCARD_Abort_IT	8	static
stm32f1xx_hal_smartcard.c:1645:13:SMARTCARD_DMARxAbortCallback	8	static
stm32f1xx_hal_smartcard.c:1607:13:SMARTCARD_DMATxAbortCallback	8	static
stm32f1xx_hal_smartcard.c:1365:13:HAL_SMARTCARD_AbortTransmitCpltCallback	0	static
stm32f1xx_hal_smartcard.c:1056:19:HAL_SMARTCARD_AbortTransmit_IT	8	static
stm32f1xx_hal_smartcard.c:1683:13:SMARTCARD_DMATxOnlyAbortCallback	8	static
stm32f1xx_hal_smartcard.c:1380:13:HAL_SMARTCARD_AbortReceiveCpltCallback	0	static
stm32f1xx_hal_smartcard.c:1121:19:HAL_SMARTCARD_AbortReceive_IT	8	static
stm32f1xx_hal_smartcard.c:1704:13:SMARTCARD_DMARxOnlyAbortCallback	8	static
stm32f1xx_hal_smartcard.c:1415:28:HAL_SMARTCARD_GetState	0	static
stm32f1xx_hal_smartcard.c:1430:10:HAL_SMARTCARD_GetError	0	static
