Screen.hpp:140:18:virtual void touchgfx::Screen::afterTransition()	0	static
Screen.hpp:153:18:virtual void touchgfx::Screen::tearDownScreen()	0	static
Screen.hpp:198:18:virtual void touchgfx::Screen::handleTickEvent()	0	static
Screen.hpp:213:18:virtual void touchgfx::Screen::handleKeyEvent(uint8_t)	0	static
Screen1ViewBase.hpp:17:13:Screen1ViewBase::~Screen1ViewBase()	0	static
Screen1ViewBase.cpp:33:6:virtual void Screen1ViewBase::setupScreen()	0	static
Callback.hpp:469:8:touchgfx::Callback<Screen1ViewBase, const touchgfx::AbstractButton&>::~Callback()	0	static
Callback.hpp:511:18:void touchgfx::Callback<dest_type, T1, void, void>::execute(T1) [with dest_type = Screen1ViewBase; T1 = const touchgfx::AbstractButton&]	8	static
Callback.hpp:525:18:bool touchgfx::Callback<dest_type, T1, void, void>::isValid() const [with dest_type = Screen1ViewBase; T1 = const touchgfx::AbstractButton&]	0	static
Callback.hpp:469:8:virtual touchgfx::Callback<Screen1ViewBase, const touchgfx::AbstractButton&>::~Callback()	8	static
Screen1ViewBase.hpp:17:13:virtual Screen1ViewBase::~Screen1ViewBase()	8	static
Screen1ViewBase.cpp:38:6:void Screen1ViewBase::buttonCallbackHandler(const touchgfx::AbstractButton&)	8	static
Screen1ViewBase.cpp:9:1:Screen1ViewBase::Screen1ViewBase()	80	static
