clcd.c:45:10:micros	8	static
clcd.c:49:6:delay_us	16	static
clcd.c:311:6:write4bits	16	static
clcd.c:289:6:send	8	static
clcd.c:277:6:command	0	static
clcd.c:164:6:lcd_clear	8	static
clcd.c:170:6:lcd_home	8	static
clcd.c:176:6:lcd_setCursor	8	static
clcd.c:187:6:lcd_noDisplay	0	static
clcd.c:192:6:lcd_display	0	static
clcd.c:76:6:lcd_Init	8	static
clcd.c:198:6:lcd_noCursor	0	static
clcd.c:202:6:lcd_cursor	0	static
clcd.c:208:6:lcd_noBlink	0	static
clcd.c:212:6:lcd_blink	0	static
clcd.c:218:6:lcd_scrollDisplayLeft	0	static
clcd.c:221:6:lcd_scrollDisplayRight	0	static
clcd.c:226:6:lcd_leftToRight	0	static
clcd.c:232:6:lcd_rightToLeft	0	static
clcd.c:238:6:lcd_autoscroll	0	static
clcd.c:244:6:lcd_noAutoscroll	0	static
clcd.c:251:6:lcd_createChar	16	static
clcd.c:260:6:lcd_putchar	0	static
clcd.c:264:6:lcd_string	8	static
clcd.c:270:6:lcd_setCurStr	8	static
