LCD_Keypad_Shield.c:54:10:micros	8	static
LCD_Keypad_Shield.c:58:6:delay_us	16	static
LCD_Keypad_Shield.c:320:6:write4bits	16	static
LCD_Keypad_Shield.c:298:6:send	8	static
LCD_Keypad_Shield.c:286:6:command	0	static
LCD_Keypad_Shield.c:173:6:lcd_clear	8	static
LCD_Keypad_Shield.c:179:6:lcd_home	8	static
LCD_Keypad_Shield.c:185:6:lcd_setCursor	8	static
LCD_Keypad_Shield.c:196:6:lcd_noDisplay	0	static
LCD_Keypad_Shield.c:201:6:lcd_display	0	static
LCD_Keypad_Shield.c:85:6:lcd_Init	8	static
LCD_Keypad_Shield.c:207:6:lcd_noCursor	0	static
LCD_Keypad_Shield.c:211:6:lcd_cursor	0	static
LCD_Keypad_Shield.c:217:6:lcd_noBlink	0	static
LCD_Keypad_Shield.c:221:6:lcd_blink	0	static
LCD_Keypad_Shield.c:227:6:lcd_scrollDisplayLeft	0	static
LCD_Keypad_Shield.c:230:6:lcd_scrollDisplayRight	0	static
LCD_Keypad_Shield.c:235:6:lcd_leftToRight	0	static
LCD_Keypad_Shield.c:241:6:lcd_rightToLeft	0	static
LCD_Keypad_Shield.c:247:6:lcd_autoscroll	0	static
LCD_Keypad_Shield.c:253:6:lcd_noAutoscroll	0	static
LCD_Keypad_Shield.c:260:6:lcd_createChar	16	static
LCD_Keypad_Shield.c:269:6:lcd_putchar	0	static
LCD_Keypad_Shield.c:273:6:lcd_string	8	static
LCD_Keypad_Shield.c:279:6:lcd_setCurStr	8	static
