usbh_ctlreq.c:371:14:USBH_ParseDevDesc	4	static
usbh_ctlreq.c:467:14:USBH_ParseInterfaceDesc	0	static
usbh_ctlreq.c:488:14:USBH_ParseEPDesc	0	static
usbh_ctlreq.c:508:13:USBH_ParseStringDesc	4	static
usbh_ctlreq.c:629:27:USBH_HandleControl	24	static
usbh_ctlreq.c:547:21:USBH_GetNextDesc	0	static
usbh_ctlreq.c:403:13:USBH_ParseCfgDesc	32	static
usbh_ctlreq.c:569:20:USBH_CtlReq	16	static
usbh_ctlreq.c:222:20:USBH_GetDescriptor	16	static
usbh_ctlreq.c:129:20:USBH_Get_DevDesc	32	static
usbh_ctlreq.c:155:20:USBH_Get_CfgDesc	32	static
usbh_ctlreq.c:193:20:USBH_Get_StringDesc	32	static
usbh_ctlreq.c:254:20:USBH_SetAddress	8	static
usbh_ctlreq.c:278:20:USBH_SetCfg	8	static
usbh_ctlreq.c:301:20:USBH_SetInterface	8	static
usbh_ctlreq.c:324:20:USBH_SetFeature	8	static
usbh_ctlreq.c:348:20:USBH_ClrFeature	8	static
