stm32f1xx_hal_irda.c:1784:13:IRDA_EndTxTransfer	0	static
stm32f1xx_hal_irda.c:1798:13:IRDA_EndRxTransfer	0	static
stm32f1xx_hal_irda.c:1947:26:IRDA_Transmit_IT	0	static
stm32f1xx_hal_irda.c:2078:13:IRDA_SetConfig	32	static
stm32f1xx_hal_irda.c:1752:26:IRDA_WaitOnFlagUntilTimeout	24	static
stm32f1xx_hal_irda.c:336:13:HAL_IRDA_MspInit	0	static
stm32f1xx_hal_irda.c:242:19:HAL_IRDA_Init	8	static
stm32f1xx_hal_irda.c:351:13:HAL_IRDA_MspDeInit	0	static
stm32f1xx_hal_irda.c:301:19:HAL_IRDA_DeInit	8	static
stm32f1xx_hal_irda.c:429:19:HAL_IRDA_Transmit	32	static
stm32f1xx_hal_irda.c:511:19:HAL_IRDA_Receive	32	static
stm32f1xx_hal_irda.c:597:19:HAL_IRDA_Transmit_IT	0	static
stm32f1xx_hal_irda.c:638:19:HAL_IRDA_Receive_IT	0	static
stm32f1xx_hal_irda.c:686:19:HAL_IRDA_Transmit_DMA	16	static
stm32f1xx_hal_irda.c:751:19:HAL_IRDA_Receive_DMA	24	static
stm32f1xx_hal_irda.c:818:19:HAL_IRDA_DMAPause	0	static
stm32f1xx_hal_irda.c:855:19:HAL_IRDA_DMAResume	8	static
stm32f1xx_hal_irda.c:891:19:HAL_IRDA_DMAStop	8	static
stm32f1xx_hal_irda.c:943:19:HAL_IRDA_Abort	8	static
stm32f1xx_hal_irda.c:1007:19:HAL_IRDA_AbortTransmit	8	static
stm32f1xx_hal_irda.c:1049:19:HAL_IRDA_AbortReceive	8	static
stm32f1xx_hal_irda.c:1466:13:HAL_IRDA_TxCpltCallback	0	static
stm32f1xx_hal_irda.c:1637:13:IRDA_DMATransmitCplt	8	static
stm32f1xx_hal_irda.c:1994:26:IRDA_EndTransmit_IT	8	static
stm32f1xx_hal_irda.c:1481:13:HAL_IRDA_TxHalfCpltCallback	0	static
stm32f1xx_hal_irda.c:1665:13:IRDA_DMATransmitHalfCplt	8	static
stm32f1xx_hal_irda.c:1496:13:HAL_IRDA_RxCpltCallback	0	static
stm32f1xx_hal_irda.c:1677:13:IRDA_DMAReceiveCplt	8	static
stm32f1xx_hal_irda.c:2012:26:IRDA_Receive_IT	8	static
stm32f1xx_hal_irda.c:1511:13:HAL_IRDA_RxHalfCpltCallback	0	static
stm32f1xx_hal_irda.c:1705:13:IRDA_DMAReceiveHalfCplt	8	static
stm32f1xx_hal_irda.c:1526:13:HAL_IRDA_ErrorCallback	0	static
stm32f1xx_hal_irda.c:1716:13:IRDA_DMAError	8	static
stm32f1xx_hal_irda.c:1339:6:HAL_IRDA_IRQHandler	8	static
stm32f1xx_hal_irda.c:1814:13:IRDA_DMAAbortOnError	8	static
stm32f1xx_hal_irda.c:1540:13:HAL_IRDA_AbortCpltCallback	0	static
stm32f1xx_hal_irda.c:1094:19:HAL_IRDA_Abort_IT	8	static
stm32f1xx_hal_irda.c:1869:13:IRDA_DMARxAbortCallback	8	static
stm32f1xx_hal_irda.c:1831:13:IRDA_DMATxAbortCallback	8	static
stm32f1xx_hal_irda.c:1555:13:HAL_IRDA_AbortTransmitCpltCallback	0	static
stm32f1xx_hal_irda.c:1216:19:HAL_IRDA_AbortTransmit_IT	8	static
stm32f1xx_hal_irda.c:1907:13:IRDA_DMATxOnlyAbortCallback	8	static
stm32f1xx_hal_irda.c:1570:13:HAL_IRDA_AbortReceiveCpltCallback	0	static
stm32f1xx_hal_irda.c:1281:19:HAL_IRDA_AbortReceive_IT	8	static
stm32f1xx_hal_irda.c:1928:13:IRDA_DMARxOnlyAbortCallback	8	static
stm32f1xx_hal_irda.c:1607:23:HAL_IRDA_GetState	0	static
stm32f1xx_hal_irda.c:1622:10:HAL_IRDA_GetError	0	static
