stm32f1xx_hal_mmc.c:2207:13:MMC_DMATransmitCplt	0	static
stm32f1xx_hal_mmc.c:2441:17:MMC_PowerON	24	static
stm32f1xx_hal_mmc.c:2495:26:MMC_PowerOFF	8	static
stm32f1xx_hal_mmc.c:2538:26:MMC_Read_IT	16	static
stm32f1xx_hal_mmc.c:2562:26:MMC_Write_IT	16	static
stm32f1xx_hal_mmc.c:2510:17:MMC_SendStatus	16	static
stm32f1xx_hal_mmc.c:434:13:HAL_MMC_MspInit	0	static
stm32f1xx_hal_mmc.c:449:13:HAL_MMC_MspDeInit	0	static
stm32f1xx_hal_mmc.c:403:19:HAL_MMC_DeInit	8	static
stm32f1xx_hal_mmc.c:490:19:HAL_MMC_ReadBlocks	56	static
stm32f1xx_hal_mmc.c:678:19:HAL_MMC_WriteBlocks	56	static
stm32f1xx_hal_mmc.c:852:19:HAL_MMC_ReadBlocks_IT	40	static
stm32f1xx_hal_mmc.c:954:19:HAL_MMC_WriteBlocks_IT	48	static
stm32f1xx_hal_mmc.c:1057:19:HAL_MMC_ReadBlocks_DMA	48	static
stm32f1xx_hal_mmc.c:1175:19:HAL_MMC_WriteBlocks_DMA	48	static
stm32f1xx_hal_mmc.c:1290:19:HAL_MMC_Erase	16	static
stm32f1xx_hal_mmc.c:1608:22:HAL_MMC_GetState	0	static
stm32f1xx_hal_mmc.c:1619:10:HAL_MMC_GetError	0	static
stm32f1xx_hal_mmc.c:1629:14:HAL_MMC_TxCpltCallback	0	static
stm32f1xx_hal_mmc.c:1644:13:HAL_MMC_RxCpltCallback	0	static
stm32f1xx_hal_mmc.c:1659:13:HAL_MMC_ErrorCallback	0	static
stm32f1xx_hal_mmc.c:2220:13:MMC_DMAReceiveCplt	8	static
stm32f1xx_hal_mmc.c:1674:13:HAL_MMC_AbortCallback	0	static
stm32f1xx_hal_mmc.c:1712:19:HAL_MMC_GetCardCID	4	static
stm32f1xx_hal_mmc.c:1793:19:HAL_MMC_GetCardCSD	16	static
stm32f1xx_hal_mmc.c:2360:17:MMC_InitCard	80	static
stm32f1xx_hal_mmc.c:348:19:HAL_MMC_InitCard	56	static
stm32f1xx_hal_mmc.c:299:19:HAL_MMC_Init	8	static
stm32f1xx_hal_mmc.c:1907:19:HAL_MMC_GetCardInfo	0	static
stm32f1xx_hal_mmc.c:1931:19:HAL_MMC_ConfigWideBusOperation	64	static
stm32f1xx_hal_mmc.c:2061:26:HAL_MMC_GetCardState	16	static
stm32f1xx_hal_mmc.c:2253:13:MMC_DMAError	8	static
stm32f1xx_hal_mmc.c:2285:13:MMC_DMATxAbort	8	static
stm32f1xx_hal_mmc.c:2322:13:MMC_DMARxAbort	8	static
stm32f1xx_hal_mmc.c:1386:6:HAL_MMC_IRQHandler	8	static
stm32f1xx_hal_mmc.c:2084:19:HAL_MMC_Abort	8	static
stm32f1xx_hal_mmc.c:2131:19:HAL_MMC_Abort_IT	8	static
