stm32f1xx_hal_i2s.c:1419:26:I2S_WaitFlagStateUntilTimeout	24	static
stm32f1xx_hal_i2s.c:396:14:HAL_I2S_MspInit	0	static
stm32f1xx_hal_i2s.c:411:14:HAL_I2S_MspDeInit	0	static
stm32f1xx_hal_i2s.c:368:19:HAL_I2S_DeInit	8	static
stm32f1xx_hal_i2s.c:684:19:HAL_I2S_Transmit_IT	0	static
stm32f1xx_hal_i2s.c:751:19:HAL_I2S_Receive_IT	0	static
stm32f1xx_hal_i2s.c:816:19:HAL_I2S_Transmit_DMA	8	static
stm32f1xx_hal_i2s.c:899:19:HAL_I2S_Receive_DMA	16	static
stm32f1xx_hal_i2s.c:981:19:HAL_I2S_DMAPause	0	static
stm32f1xx_hal_i2s.c:1009:19:HAL_I2S_DMAResume	0	static
stm32f1xx_hal_i2s.c:1044:19:HAL_I2S_DMAStop	8	static
stm32f1xx_hal_i2s.c:1082:6:HAL_I2S_IRQHandler	8	static
stm32f1xx_hal_i2s.c:1094:14:HAL_I2S_TxHalfCpltCallback	0	static
stm32f1xx_hal_i2s.c:1241:13:I2S_DMATxHalfCplt	8	static
stm32f1xx_hal_i2s.c:1109:14:HAL_I2S_TxCpltCallback	0	static
stm32f1xx_hal_i2s.c:1308:13:I2S_Transmit_IT	8	static
stm32f1xx_hal_i2s.c:1221:13:I2S_DMATxCplt	8	static
stm32f1xx_hal_i2s.c:1124:13:HAL_I2S_RxHalfCpltCallback	0	static
stm32f1xx_hal_i2s.c:1274:13:I2S_DMARxHalfCplt	8	static
stm32f1xx_hal_i2s.c:1139:13:HAL_I2S_RxCpltCallback	0	static
stm32f1xx_hal_i2s.c:1330:13:I2S_Receive_IT	8	static
stm32f1xx_hal_i2s.c:1254:13:I2S_DMARxCplt	8	static
stm32f1xx_hal_i2s.c:1154:14:HAL_I2S_ErrorCallback	0	static
stm32f1xx_hal_i2s.c:224:19:HAL_I2S_Init	16	static
stm32f1xx_hal_i2s.c:1352:13:I2S_IRQHandler	24	static
stm32f1xx_hal_i2s.c:480:19:HAL_I2S_Transmit	24	static
stm32f1xx_hal_i2s.c:579:19:HAL_I2S_Receive	24	static
stm32f1xx_hal_i2s.c:1287:13:I2S_DMAError	8	static
stm32f1xx_hal_i2s.c:1188:22:HAL_I2S_GetState	0	static
stm32f1xx_hal_i2s.c:1199:10:HAL_I2S_GetError	0	static
