stm32f1xx_hal_nand.c:214:13:HAL_NAND_MspInit	0	static
stm32f1xx_hal_nand.c:151:20:HAL_NAND_Init	16	static
stm32f1xx_hal_nand.c:229:13:HAL_NAND_MspDeInit	0	static
stm32f1xx_hal_nand.c:191:19:HAL_NAND_DeInit	8	static
stm32f1xx_hal_nand.c:294:13:HAL_NAND_ITCallback	0	static
stm32f1xx_hal_nand.c:245:6:HAL_NAND_IRQHandler	8	static
stm32f1xx_hal_nand.c:329:19:HAL_NAND_Read_ID	16	static
stm32f1xx_hal_nand.c:399:19:HAL_NAND_Reset	0	static
stm32f1xx_hal_nand.c:446:20:HAL_NAND_ConfigDevice	0	static
stm32f1xx_hal_nand.c:1580:10:HAL_NAND_Read_Status	0	static
stm32f1xx_hal_nand.c:468:19:HAL_NAND_Read_Page_8b	56	static
stm32f1xx_hal_nand.c:599:19:HAL_NAND_Read_Page_16b	56	static
stm32f1xx_hal_nand.c:729:19:HAL_NAND_Write_Page_8b	40	static
stm32f1xx_hal_nand.c:855:19:HAL_NAND_Write_Page_16b	40	static
stm32f1xx_hal_nand.c:980:19:HAL_NAND_Read_SpareArea_8b	56	static
stm32f1xx_hal_nand.c:1116:19:HAL_NAND_Read_SpareArea_16b	56	static
stm32f1xx_hal_nand.c:1252:19:HAL_NAND_Write_SpareArea_8b	48	static
stm32f1xx_hal_nand.c:1384:19:HAL_NAND_Write_SpareArea_16b	48	static
stm32f1xx_hal_nand.c:1514:19:HAL_NAND_Erase_Block	24	static
stm32f1xx_hal_nand.c:1623:10:HAL_NAND_Address_Inc	0	static
stm32f1xx_hal_nand.c:1676:20:HAL_NAND_ECC_Enable	8	static
stm32f1xx_hal_nand.c:1702:20:HAL_NAND_ECC_Disable	8	static
stm32f1xx_hal_nand.c:1730:20:HAL_NAND_GetECC	8	static
stm32f1xx_hal_nand.c:1778:23:HAL_NAND_GetState	0	static
