stm32f1xx_hal_sd.c:2190:13:SD_DMATransmitCplt	0	static
stm32f1xx_hal_sd.c:2432:17:SD_PowerON	24	static
stm32f1xx_hal_sd.c:2533:26:SD_PowerOFF	8	static
stm32f1xx_hal_sd.c:2864:26:SD_Read_IT	16	static
stm32f1xx_hal_sd.c:2888:26:SD_Write_IT	16	static
stm32f1xx_hal_sd.c:2548:17:SD_SendSDStatus	48	static
stm32f1xx_hal_sd.c:2773:17:SD_FindSCR	56	static
stm32f1xx_hal_sd.c:2677:17:SD_WideBus_Enable	16	static
stm32f1xx_hal_sd.c:2724:17:SD_WideBus_Disable	16	static
stm32f1xx_hal_sd.c:2650:17:SD_SendStatus	16	static
stm32f1xx_hal_sd.c:437:13:HAL_SD_MspInit	0	static
stm32f1xx_hal_sd.c:452:13:HAL_SD_MspDeInit	0	static
stm32f1xx_hal_sd.c:406:19:HAL_SD_DeInit	8	static
stm32f1xx_hal_sd.c:493:19:HAL_SD_ReadBlocks	56	static
stm32f1xx_hal_sd.c:679:19:HAL_SD_WriteBlocks	56	static
stm32f1xx_hal_sd.c:851:19:HAL_SD_ReadBlocks_IT	40	static
stm32f1xx_hal_sd.c:952:19:HAL_SD_WriteBlocks_IT	48	static
stm32f1xx_hal_sd.c:1054:19:HAL_SD_ReadBlocks_DMA	48	static
stm32f1xx_hal_sd.c:1167:19:HAL_SD_WriteBlocks_DMA	48	static
stm32f1xx_hal_sd.c:1277:19:HAL_SD_Erase	16	static
stm32f1xx_hal_sd.c:1527:21:HAL_SD_GetState	0	static
stm32f1xx_hal_sd.c:1538:10:HAL_SD_GetError	0	static
stm32f1xx_hal_sd.c:1548:14:HAL_SD_TxCpltCallback	0	static
stm32f1xx_hal_sd.c:1563:13:HAL_SD_RxCpltCallback	0	static
stm32f1xx_hal_sd.c:1578:13:HAL_SD_ErrorCallback	0	static
stm32f1xx_hal_sd.c:2203:13:SD_DMAReceiveCplt	8	static
stm32f1xx_hal_sd.c:1593:13:HAL_SD_AbortCallback	0	static
stm32f1xx_hal_sd.c:1631:19:HAL_SD_GetCardCID	4	static
stm32f1xx_hal_sd.c:1712:19:HAL_SD_GetCardCSD	8	static
stm32f1xx_hal_sd.c:2343:17:SD_InitCard	80	static
stm32f1xx_hal_sd.c:351:19:HAL_SD_InitCard	56	static
stm32f1xx_hal_sd.c:302:19:HAL_SD_Init	8	static
stm32f1xx_hal_sd.c:1859:19:HAL_SD_GetCardStatus	80	static
stm32f1xx_hal_sd.c:1947:19:HAL_SD_GetCardInfo	0	static
stm32f1xx_hal_sd.c:1972:19:HAL_SD_ConfigWideBusOperation	56	static
stm32f1xx_hal_sd.c:2044:25:HAL_SD_GetCardState	16	static
stm32f1xx_hal_sd.c:2236:13:SD_DMAError	8	static
stm32f1xx_hal_sd.c:2268:13:SD_DMATxAbort	8	static
stm32f1xx_hal_sd.c:2305:13:SD_DMARxAbort	8	static
stm32f1xx_hal_sd.c:1377:6:HAL_SD_IRQHandler	8	static
stm32f1xx_hal_sd.c:2067:19:HAL_SD_Abort	8	static
stm32f1xx_hal_sd.c:2114:19:HAL_SD_Abort_IT	8	static
