stm32f1xx_hal_dac.c:336:13:HAL_DAC_MspInit	0	static
stm32f1xx_hal_dac.c:262:19:HAL_DAC_Init	8	static
stm32f1xx_hal_dac.c:351:13:HAL_DAC_MspDeInit	0	static
stm32f1xx_hal_dac.c:300:19:HAL_DAC_DeInit	8	static
stm32f1xx_hal_dac.c:392:19:HAL_DAC_Start	4	static
stm32f1xx_hal_dac.c:445:19:HAL_DAC_Stop	4	static
stm32f1xx_hal_dac.c:481:26:HAL_DAC_Start_DMA	24	static
stm32f1xx_hal_dac.c:598:26:HAL_DAC_Stop_DMA	8	static
stm32f1xx_hal_dac.c:648:10:HAL_DAC_GetValue	0	static
stm32f1xx_hal_dac.c:670:13:HAL_DAC_ConvCpltCallbackCh1	0	static
stm32f1xx_hal_dac.c:882:6:DAC_DMAConvCpltCh1	8	static
stm32f1xx_hal_dac.c:685:13:HAL_DAC_ConvHalfCpltCallbackCh1	0	static
stm32f1xx_hal_dac.c:897:6:DAC_DMAHalfConvCpltCh1	8	static
stm32f1xx_hal_dac.c:700:13:HAL_DAC_ErrorCallbackCh1	0	static
stm32f1xx_hal_dac.c:910:6:DAC_DMAErrorCh1	8	static
stm32f1xx_hal_dac.c:739:19:HAL_DAC_ConfigChannel	12	static
stm32f1xx_hal_dac.c:794:19:HAL_DAC_SetValue	16	static
stm32f1xx_hal_dac.c:846:22:HAL_DAC_GetState	0	static
stm32f1xx_hal_dac.c:859:10:HAL_DAC_GetError	0	static
