stm32f1xx_hal_nor.c:261:13:HAL_NOR_MspInit	0	static
stm32f1xx_hal_nor.c:187:19:HAL_NOR_Init	16	static
stm32f1xx_hal_nor.c:276:13:HAL_NOR_MspDeInit	0	static
stm32f1xx_hal_nor.c:238:19:HAL_NOR_DeInit	8	static
stm32f1xx_hal_nor.c:292:13:HAL_NOR_MspWait	0	static
stm32f1xx_hal_nor.c:327:19:HAL_NOR_Read_ID	12	static
stm32f1xx_hal_nor.c:387:19:HAL_NOR_ReturnToReadMode	0	static
stm32f1xx_hal_nor.c:437:19:HAL_NOR_Read	12	static
stm32f1xx_hal_nor.c:496:19:HAL_NOR_Program	16	static
stm32f1xx_hal_nor.c:557:19:HAL_NOR_ReadBuffer	16	static
stm32f1xx_hal_nor.c:627:19:HAL_NOR_ProgramBuffer	20	static
stm32f1xx_hal_nor.c:707:19:HAL_NOR_Erase_Block	16	static
stm32f1xx_hal_nor.c:766:19:HAL_NOR_Erase_Chip	8	static
stm32f1xx_hal_nor.c:827:19:HAL_NOR_Read_CFI	8	static
stm32f1xx_hal_nor.c:904:19:HAL_NOR_WriteOperation_Enable	16	static
stm32f1xx_hal_nor.c:927:19:HAL_NOR_WriteOperation_Disable	8	static
stm32f1xx_hal_nor.c:972:22:HAL_NOR_GetState	0	static
stm32f1xx_hal_nor.c:986:23:HAL_NOR_GetStatus	24	static
