stm32f1xx_hal_adc_ex.c:144:19:HAL_ADCEx_Calibration_Start	24	static
stm32f1xx_hal_adc_ex.c:250:19:HAL_ADCEx_InjectedStart	8	static
stm32f1xx_hal_adc_ex.c:349:19:HAL_ADCEx_InjectedStop	8	static
stm32f1xx_hal_adc_ex.c:402:19:HAL_ADCEx_InjectedPollForConversion	32	static
stm32f1xx_hal_adc_ex.c:520:19:HAL_ADCEx_InjectedStart_IT	8	static
stm32f1xx_hal_adc_ex.c:619:19:HAL_ADCEx_InjectedStop_IT	8	static
stm32f1xx_hal_adc_ex.c:688:19:HAL_ADCEx_MultiModeStart_DMA	72	static
stm32f1xx_hal_adc_ex.c:814:19:HAL_ADCEx_MultiModeStop_DMA	56	static
stm32f1xx_hal_adc_ex.c:903:10:HAL_ADCEx_InjectedGetValue	0	static
stm32f1xx_hal_adc_ex.c:940:10:HAL_ADCEx_MultiModeGetValue	0	static
stm32f1xx_hal_adc_ex.c:972:13:HAL_ADCEx_InjectedConvCpltCallback	0	static
stm32f1xx_hal_adc_ex.c:1014:19:HAL_ADCEx_InjectedConfigChannel	24	static
stm32f1xx_hal_adc_ex.c:1275:19:HAL_ADCEx_MultiModeConfigChannel	0	static
