stm32f1xx_ll_utils.c:422:20:UTILS_SetFlashLatency	0	static
stm32f1xx_ll_utils.c:470:17:UTILS_GetPLLOutputFrequency	0	static
stm32f1xx_ll_utils.c:496:20:UTILS_PLL_IsBusy	0	static
stm32f1xx_ll_utils.c:186:6:LL_Init1msTick	0	static
stm32f1xx_ll_utils.c:202:6:LL_mDelay	8	static
stm32f1xx_ll_utils.c:260:6:LL_SetSystemCoreClock	0	static
stm32f1xx_ll_utils.c:536:20:UTILS_EnablePLLAndSwitchSystem	24	static
stm32f1xx_ll_utils.c:283:13:LL_PLL_ConfigSystemClock_HSI	16	static
stm32f1xx_ll_utils.c:348:13:LL_PLL_ConfigSystemClock_HSE	24	static
