stm32f1xx_hal_flash_ex.c:613:13:FLASH_MassErase	0	static
stm32f1xx_hal_flash_ex.c:1039:17:FLASH_OB_GetWRP	0	static
stm32f1xx_hal_flash_ex.c:1052:17:FLASH_OB_GetRDP	0	static
stm32f1xx_hal_flash_ex.c:1078:16:FLASH_OB_GetUser	0	static
stm32f1xx_hal_flash_ex.c:904:26:FLASH_OB_RDP_LevelConfig	16	static
stm32f1xx_hal_flash_ex.c:955:26:FLASH_OB_UserConfig	16	static
stm32f1xx_hal_flash_ex.c:1006:26:FLASH_OB_ProgramData	16	static
stm32f1xx_hal_flash_ex.c:415:19:HAL_FLASHEx_OBErase	16	static
stm32f1xx_hal_flash_ex.c:662:26:FLASH_OB_EnableWRP	24	static
stm32f1xx_hal_flash_ex.c:785:26:FLASH_OB_DisableWRP	24	static
stm32f1xx_hal_flash_ex.c:464:19:HAL_FLASHEx_OBProgram	8	static
stm32f1xx_hal_flash_ex.c:545:6:HAL_FLASHEx_OBGetConfig	8	static
stm32f1xx_hal_flash_ex.c:567:10:HAL_FLASHEx_OBGetUserData	0	static
stm32f1xx_hal_flash_ex.c:1107:6:FLASH_PageErase	0	static
stm32f1xx_hal_flash_ex.c:177:19:HAL_FLASHEx_Erase	16	static
stm32f1xx_hal_flash_ex.c:337:19:HAL_FLASHEx_Erase_IT	8	static
