stm32f1xx_hal_irda.c:1786:13:IRDA_EndTxTransfer	0	static
stm32f1xx_hal_irda.c:1800:13:IRDA_EndRxTransfer	0	static
stm32f1xx_hal_irda.c:1949:26:IRDA_Transmit_IT	0	static
stm32f1xx_hal_irda.c:2080:13:IRDA_SetConfig	32	static
stm32f1xx_hal_irda.c:1754:26:IRDA_WaitOnFlagUntilTimeout	24	static
stm32f1xx_hal_irda.c:338:13:HAL_IRDA_MspInit	0	static
stm32f1xx_hal_irda.c:244:19:HAL_IRDA_Init	8	static
stm32f1xx_hal_irda.c:353:13:HAL_IRDA_MspDeInit	0	static
stm32f1xx_hal_irda.c:303:19:HAL_IRDA_DeInit	8	static
stm32f1xx_hal_irda.c:431:19:HAL_IRDA_Transmit	32	static
stm32f1xx_hal_irda.c:513:19:HAL_IRDA_Receive	32	static
stm32f1xx_hal_irda.c:599:19:HAL_IRDA_Transmit_IT	0	static
stm32f1xx_hal_irda.c:640:19:HAL_IRDA_Receive_IT	0	static
stm32f1xx_hal_irda.c:688:19:HAL_IRDA_Transmit_DMA	16	static
stm32f1xx_hal_irda.c:753:19:HAL_IRDA_Receive_DMA	24	static
stm32f1xx_hal_irda.c:820:19:HAL_IRDA_DMAPause	0	static
stm32f1xx_hal_irda.c:857:19:HAL_IRDA_DMAResume	8	static
stm32f1xx_hal_irda.c:893:19:HAL_IRDA_DMAStop	8	static
stm32f1xx_hal_irda.c:945:19:HAL_IRDA_Abort	8	static
stm32f1xx_hal_irda.c:1009:19:HAL_IRDA_AbortTransmit	8	static
stm32f1xx_hal_irda.c:1051:19:HAL_IRDA_AbortReceive	8	static
stm32f1xx_hal_irda.c:1468:13:HAL_IRDA_TxCpltCallback	0	static
stm32f1xx_hal_irda.c:1639:13:IRDA_DMATransmitCplt	8	static
stm32f1xx_hal_irda.c:1996:26:IRDA_EndTransmit_IT	8	static
stm32f1xx_hal_irda.c:1483:13:HAL_IRDA_TxHalfCpltCallback	0	static
stm32f1xx_hal_irda.c:1667:13:IRDA_DMATransmitHalfCplt	8	static
stm32f1xx_hal_irda.c:1498:13:HAL_IRDA_RxCpltCallback	0	static
stm32f1xx_hal_irda.c:1679:13:IRDA_DMAReceiveCplt	8	static
stm32f1xx_hal_irda.c:2014:26:IRDA_Receive_IT	8	static
stm32f1xx_hal_irda.c:1513:13:HAL_IRDA_RxHalfCpltCallback	0	static
stm32f1xx_hal_irda.c:1707:13:IRDA_DMAReceiveHalfCplt	8	static
stm32f1xx_hal_irda.c:1528:13:HAL_IRDA_ErrorCallback	0	static
stm32f1xx_hal_irda.c:1718:13:IRDA_DMAError	8	static
stm32f1xx_hal_irda.c:1341:6:HAL_IRDA_IRQHandler	8	static
stm32f1xx_hal_irda.c:1816:13:IRDA_DMAAbortOnError	8	static
stm32f1xx_hal_irda.c:1542:13:HAL_IRDA_AbortCpltCallback	0	static
stm32f1xx_hal_irda.c:1096:19:HAL_IRDA_Abort_IT	8	static
stm32f1xx_hal_irda.c:1871:13:IRDA_DMARxAbortCallback	8	static
stm32f1xx_hal_irda.c:1833:13:IRDA_DMATxAbortCallback	8	static
stm32f1xx_hal_irda.c:1557:13:HAL_IRDA_AbortTransmitCpltCallback	0	static
stm32f1xx_hal_irda.c:1218:19:HAL_IRDA_AbortTransmit_IT	8	static
stm32f1xx_hal_irda.c:1909:13:IRDA_DMATxOnlyAbortCallback	8	static
stm32f1xx_hal_irda.c:1572:13:HAL_IRDA_AbortReceiveCpltCallback	0	static
stm32f1xx_hal_irda.c:1283:19:HAL_IRDA_AbortReceive_IT	8	static
stm32f1xx_hal_irda.c:1930:13:IRDA_DMARxOnlyAbortCallback	8	static
stm32f1xx_hal_irda.c:1609:23:HAL_IRDA_GetState	0	static
stm32f1xx_hal_irda.c:1624:10:HAL_IRDA_GetError	0	static
