liquidcrystal_i2c.c:287:13:DelayUS	8	static
liquidcrystal_i2c.c:256:13:ExpanderWrite	24	static
liquidcrystal_i2c.c:250:13:Write4Bits	8	static
liquidcrystal_i2c.c:242:13:Send	16	static
liquidcrystal_i2c.c:232:13:SendCommand	0	static
liquidcrystal_i2c.c:97:6:HD44780_Clear	8	static
liquidcrystal_i2c.c:103:6:HD44780_Home	8	static
liquidcrystal_i2c.c:109:6:HD44780_SetCursor	32	static
liquidcrystal_i2c.c:119:6:HD44780_NoDisplay	0	static
liquidcrystal_i2c.c:125:6:HD44780_Display	0	static
liquidcrystal_i2c.c:131:6:HD44780_NoCursor	0	static
liquidcrystal_i2c.c:137:6:HD44780_Cursor	0	static
liquidcrystal_i2c.c:143:6:HD44780_NoBlink	0	static
liquidcrystal_i2c.c:149:6:HD44780_Blink	0	static
liquidcrystal_i2c.c:155:6:HD44780_ScrollDisplayLeft	0	static
liquidcrystal_i2c.c:160:6:HD44780_ScrollDisplayRight	0	static
liquidcrystal_i2c.c:165:6:HD44780_LeftToRight	0	static
liquidcrystal_i2c.c:171:6:HD44780_RightToLeft	0	static
liquidcrystal_i2c.c:177:6:HD44780_AutoScroll	0	static
liquidcrystal_i2c.c:183:6:HD44780_NoAutoScroll	0	static
liquidcrystal_i2c.c:189:6:HD44780_CreateSpecialChar	16	static
liquidcrystal_i2c.c:42:6:HD44780_Init	16	static
liquidcrystal_i2c.c:199:6:HD44780_PrintSpecialChar	0	static
liquidcrystal_i2c.c:204:6:HD44780_LoadCustomCharacter	0	static
liquidcrystal_i2c.c:209:6:HD44780_PrintStr	8	static
liquidcrystal_i2c.c:220:6:HD44780_NoBacklight	0	static
liquidcrystal_i2c.c:226:6:HD44780_Backlight	0	static
liquidcrystal_i2c.c:214:6:HD44780_SetBacklight	0	static
