uart.c:93:6:uartStartRx	8	static
uart.c:208:6:uartRxHandler	16	static
uart.c:40:6:uartInit	4	static
uart.c:52:6:uartOpen	24	static
uart.c:103:6:uartClose	8	static
uart.c:123:10:uartAvailable	8	static
uart.c:133:6:uartFlush	8	static
uart.c:162:9:uartWrite	16	static
uart.c:141:6:uartPutch	16	static
uart.c:178:9:uartRead	16	static
uart.c:146:9:uartGetch	8	static
uart.c:191:9:uartPrintf	276	static
uart.c:222:6:uartErrHandler	8	static
uart.c:229:6:HAL_UART_RxCpltCallback	8	static
uart.c:237:6:HAL_UART_ErrorCallback	8	static
uart.c:250:6:USART2_IRQHandler	8	static
uart.c:257:6:HAL_UART_MspInit	40	static
uart.c:294:6:HAL_UART_MspDeInit	8	static
