stm32f7xx_hal_msp.c:96:6:HAL_MspInit	16	static
stm32f7xx_hal_msp.c:120:6:HAL_ADC_MspInit	40	static
stm32f7xx_hal_msp.c:167:6:HAL_ADC_MspDeInit	8	static
stm32f7xx_hal_msp.c:204:6:HAL_CRC_MspInit	8	static
stm32f7xx_hal_msp.c:228:6:HAL_CRC_MspDeInit	0	static
stm32f7xx_hal_msp.c:251:6:HAL_DCMI_MspInit	64	static
stm32f7xx_hal_msp.c:331:6:HAL_DCMI_MspDeInit	8	static
stm32f7xx_hal_msp.c:379:6:HAL_ETH_MspInit	72	static
stm32f7xx_hal_msp.c:440:6:HAL_ETH_MspDeInit	8	static
stm32f7xx_hal_msp.c:481:6:HAL_I2C_MspInit	48	static
stm32f7xx_hal_msp.c:543:6:HAL_I2C_MspDeInit	8	static
stm32f7xx_hal_msp.c:591:6:HAL_QSPI_MspInit	72	static
stm32f7xx_hal_msp.c:656:6:HAL_QSPI_MspDeInit	8	static
stm32f7xx_hal_msp.c:694:6:HAL_RTC_MspInit	0	static
stm32f7xx_hal_msp.c:718:6:HAL_RTC_MspDeInit	0	static
stm32f7xx_hal_msp.c:741:6:HAL_SD_MspInit	48	static
stm32f7xx_hal_msp.c:792:6:HAL_SD_MspDeInit	8	static
stm32f7xx_hal_msp.c:829:6:HAL_SPDIFRX_MspInit	40	static
stm32f7xx_hal_msp.c:866:6:HAL_SPDIFRX_MspDeInit	8	static
stm32f7xx_hal_msp.c:895:6:HAL_SPI_MspInit	48	static
stm32f7xx_hal_msp.c:942:6:HAL_SPI_MspDeInit	8	static
stm32f7xx_hal_msp.c:975:6:HAL_TIM_Base_MspInit	16	static
stm32f7xx_hal_msp.c:1031:6:HAL_TIM_PWM_MspInit	8	static
stm32f7xx_hal_msp.c:1048:6:HAL_TIM_MspPostInit	48	static
stm32f7xx_hal_msp.c:1144:6:HAL_TIM_Base_MspDeInit	0	static
stm32f7xx_hal_msp.c:1201:6:HAL_TIM_PWM_MspDeInit	0	static
stm32f7xx_hal_msp.c:1224:6:HAL_UART_MspInit	56	static
stm32f7xx_hal_msp.c:1294:6:HAL_UART_MspDeInit	8	static
stm32f7xx_hal_msp.c:1340:6:HAL_SAI_MspInit	40	static
stm32f7xx_hal_msp.c:1390:6:HAL_SAI_MspDeInit	8	static
