LCD16bpp.hpp:49:13:touchgfx::LCD16bpp::~LCD16bpp()	0	static
STM32F7HAL.hpp:17:7:STM32F7HAL::~STM32F7HAL()	0	static
ApplicationFontProvider.hpp:16:7:ApplicationFontProvider::~ApplicationFontProvider()	0	static
STM32F7TouchController.hpp:47:7:touchgfx::STM32F7TouchController::~STM32F7TouchController()	0	static
STM32F7Instrumentation.hpp:48:7:touchgfx::STM32F7Instrumentation::~STM32F7Instrumentation()	0	static
Partition.hpp:94:22:uint16_t touchgfx::Partition<ListOfTypes, NUMBER_OF_ELEMENTS>::capacity() const [with ListOfTypes = touchgfx::meta::TypeList<touchgfx::SlideTransition<(touchgfx::Direction)3u>, touchgfx::meta::TypeList<touchgfx::meta::Nil, touchgfx::meta::Nil> >; short unsigned int NUMBER_OF_ELEMENTS = 1u]	0	static
Partition.hpp:110:22:uint32_t touchgfx::Partition<ListOfTypes, NUMBER_OF_ELEMENTS>::element_size() [with ListOfTypes = touchgfx::meta::TypeList<touchgfx::SlideTransition<(touchgfx::Direction)3u>, touchgfx::meta::TypeList<touchgfx::meta::Nil, touchgfx::meta::Nil> >; short unsigned int NUMBER_OF_ELEMENTS = 1u]	0	static
Partition.hpp:128:19:void* touchgfx::Partition<ListOfTypes, NUMBER_OF_ELEMENTS>::element(uint16_t) [with ListOfTypes = touchgfx::meta::TypeList<touchgfx::SlideTransition<(touchgfx::Direction)3u>, touchgfx::meta::TypeList<touchgfx::meta::Nil, touchgfx::meta::Nil> >; short unsigned int NUMBER_OF_ELEMENTS = 1u]	0	static
Partition.hpp:144:25:const void* touchgfx::Partition<ListOfTypes, NUMBER_OF_ELEMENTS>::element(uint16_t) const [with ListOfTypes = touchgfx::meta::TypeList<touchgfx::SlideTransition<(touchgfx::Direction)3u>, touchgfx::meta::TypeList<touchgfx::meta::Nil, touchgfx::meta::Nil> >; short unsigned int NUMBER_OF_ELEMENTS = 1u]	0	static
Partition.hpp:94:22:uint16_t touchgfx::Partition<ListOfTypes, NUMBER_OF_ELEMENTS>::capacity() const [with ListOfTypes = touchgfx::meta::TypeList<Screen3View, touchgfx::meta::TypeList<touchgfx::meta::Nil, touchgfx::meta::Nil> >; short unsigned int NUMBER_OF_ELEMENTS = 1u]	0	static
Partition.hpp:110:22:uint32_t touchgfx::Partition<ListOfTypes, NUMBER_OF_ELEMENTS>::element_size() [with ListOfTypes = touchgfx::meta::TypeList<Screen3View, touchgfx::meta::TypeList<touchgfx::meta::Nil, touchgfx::meta::Nil> >; short unsigned int NUMBER_OF_ELEMENTS = 1u]	0	static
Partition.hpp:128:19:void* touchgfx::Partition<ListOfTypes, NUMBER_OF_ELEMENTS>::element(uint16_t) [with ListOfTypes = touchgfx::meta::TypeList<Screen3View, touchgfx::meta::TypeList<touchgfx::meta::Nil, touchgfx::meta::Nil> >; short unsigned int NUMBER_OF_ELEMENTS = 1u]	0	static
Partition.hpp:144:25:const void* touchgfx::Partition<ListOfTypes, NUMBER_OF_ELEMENTS>::element(uint16_t) const [with ListOfTypes = touchgfx::meta::TypeList<Screen3View, touchgfx::meta::TypeList<touchgfx::meta::Nil, touchgfx::meta::Nil> >; short unsigned int NUMBER_OF_ELEMENTS = 1u]	0	static
Partition.hpp:94:22:uint16_t touchgfx::Partition<ListOfTypes, NUMBER_OF_ELEMENTS>::capacity() const [with ListOfTypes = touchgfx::meta::TypeList<Screen3Presenter, touchgfx::meta::TypeList<touchgfx::meta::Nil, touchgfx::meta::Nil> >; short unsigned int NUMBER_OF_ELEMENTS = 1u]	0	static
Partition.hpp:110:22:uint32_t touchgfx::Partition<ListOfTypes, NUMBER_OF_ELEMENTS>::element_size() [with ListOfTypes = touchgfx::meta::TypeList<Screen3Presenter, touchgfx::meta::TypeList<touchgfx::meta::Nil, touchgfx::meta::Nil> >; short unsigned int NUMBER_OF_ELEMENTS = 1u]	0	static
Partition.hpp:128:19:void* touchgfx::Partition<ListOfTypes, NUMBER_OF_ELEMENTS>::element(uint16_t) [with ListOfTypes = touchgfx::meta::TypeList<Screen3Presenter, touchgfx::meta::TypeList<touchgfx::meta::Nil, touchgfx::meta::Nil> >; short unsigned int NUMBER_OF_ELEMENTS = 1u]	0	static
Partition.hpp:144:25:const void* touchgfx::Partition<ListOfTypes, NUMBER_OF_ELEMENTS>::element(uint16_t) const [with ListOfTypes = touchgfx::meta::TypeList<Screen3Presenter, touchgfx::meta::TypeList<touchgfx::meta::Nil, touchgfx::meta::Nil> >; short unsigned int NUMBER_OF_ELEMENTS = 1u]	0	static
FrontendHeapBase.hpp:86:18:virtual void FrontendHeapBase::gotoStartScreen(FrontendApplication&)	8	static
Partition.hpp:79:13:touchgfx::Partition<ListOfTypes, NUMBER_OF_ELEMENTS>::~Partition() [with ListOfTypes = touchgfx::meta::TypeList<touchgfx::SlideTransition<(touchgfx::Direction)3u>, touchgfx::meta::TypeList<touchgfx::meta::Nil, touchgfx::meta::Nil> >; short unsigned int NUMBER_OF_ELEMENTS = 1u]	8	static
Partition.hpp:79:13:touchgfx::Partition<ListOfTypes, NUMBER_OF_ELEMENTS>::~Partition() [with ListOfTypes = touchgfx::meta::TypeList<touchgfx::SlideTransition<(touchgfx::Direction)3u>, touchgfx::meta::TypeList<touchgfx::meta::Nil, touchgfx::meta::Nil> >; short unsigned int NUMBER_OF_ELEMENTS = 1u]	8	static
Partition.hpp:79:13:touchgfx::Partition<ListOfTypes, NUMBER_OF_ELEMENTS>::~Partition() [with ListOfTypes = touchgfx::meta::TypeList<Screen3View, touchgfx::meta::TypeList<touchgfx::meta::Nil, touchgfx::meta::Nil> >; short unsigned int NUMBER_OF_ELEMENTS = 1u]	8	static
Partition.hpp:79:13:touchgfx::Partition<ListOfTypes, NUMBER_OF_ELEMENTS>::~Partition() [with ListOfTypes = touchgfx::meta::TypeList<Screen3View, touchgfx::meta::TypeList<touchgfx::meta::Nil, touchgfx::meta::Nil> >; short unsigned int NUMBER_OF_ELEMENTS = 1u]	8	static
Partition.hpp:79:13:touchgfx::Partition<ListOfTypes, NUMBER_OF_ELEMENTS>::~Partition() [with ListOfTypes = touchgfx::meta::TypeList<Screen3Presenter, touchgfx::meta::TypeList<touchgfx::meta::Nil, touchgfx::meta::Nil> >; short unsigned int NUMBER_OF_ELEMENTS = 1u]	8	static
Partition.hpp:79:13:touchgfx::Partition<ListOfTypes, NUMBER_OF_ELEMENTS>::~Partition() [with ListOfTypes = touchgfx::meta::TypeList<Screen3Presenter, touchgfx::meta::TypeList<touchgfx::meta::Nil, touchgfx::meta::Nil> >; short unsigned int NUMBER_OF_ELEMENTS = 1u]	8	static
FrontendHeap.hpp:6:7:FrontendHeap::~FrontendHeap()	8	static
BoardConfiguration.cpp:133:1:void __static_initialization_and_destruction_0(int, int)	16	static
FrontendHeap.hpp:6:7:virtual FrontendHeap::~FrontendHeap()	8	static
LCD16bpp.hpp:49:13:virtual touchgfx::LCD16bpp::~LCD16bpp()	8	static
BoardConfiguration.cpp:61:10:uint32_t LCD_GetXSize()	0	static
BoardConfiguration.cpp:66:10:uint32_t LCD_GetYSize()	0	static
BoardConfiguration.cpp:72:6:void GRAPHICS_HW_Init()	8	static
BoardConfiguration.cpp:130:6:void GRAPHICS_MainTask()	8	static
STM32F7HAL.hpp:17:7:virtual STM32F7HAL::~STM32F7HAL()	8	static
TouchGFXInit.hpp:40:6:touchgfx::HAL& touchgfx::getHAL(touchgfx::DMA_Interface&, touchgfx::LCD&, touchgfx::TouchController&, int16_t, int16_t) [with T = STM32F7HAL]	16	static
TouchGFXInit.hpp:83:6:touchgfx::HAL& touchgfx::touchgfx_generic_init(touchgfx::DMA_Interface&, touchgfx::LCD&, touchgfx::TouchController&, int16_t, int16_t, uint16_t*, uint32_t, uint32_t) [with HALType = STM32F7HAL]	32	static
BoardConfiguration.cpp:97:6:void touchgfx::touchgfx_init()	40	static
BoardConfiguration.cpp:125:6:void GRAPHICS_Init()	8	static
ApplicationFontProvider.hpp:16:7:virtual ApplicationFontProvider::~ApplicationFontProvider()	8	static
STM32F7TouchController.hpp:47:7:virtual touchgfx::STM32F7TouchController::~STM32F7TouchController()	8	static
STM32F7Instrumentation.hpp:48:7:virtual touchgfx::STM32F7Instrumentation::~STM32F7Instrumentation()	8	static
BoardConfiguration.cpp:133:1:cpp)	8	static
