HW_Init.cpp:423:13:void HAL_FMC_MspInit()	48	static
HW_Init.cpp:540:13:void HAL_FMC_MspDeInit()	8	static
HW_Init.cpp:92:6:void MX_LCD_Init()	72	static
HW_Init.cpp:148:6:void MX_FMC_Init()	40	static
HW_Init.cpp:187:6:void MX_SDRAM_InitEx()	40	static
HW_Init.cpp:243:6:void MX_DMA2D_Init()	8	static
HW_Init.cpp:269:6:void HAL_LTDC_MspInit(LTDC_HandleTypeDef*)	40	static
HW_Init.cpp:358:6:void HAL_LTDC_MspDeInit(LTDC_HandleTypeDef*)	8	static
HW_Init.cpp:528:6:void HAL_SDRAM_MspInit(SDRAM_HandleTypeDef*)	8	static
HW_Init.cpp:614:6:void HAL_SDRAM_MspDeInit(SDRAM_HandleTypeDef*)	8	static
HW_Init.cpp:624:6:void HAL_DMA2D_MspInit(DMA2D_HandleTypeDef*)	16	static
HW_Init.cpp:643:6:void HAL_DMA2D_MspDeInit(DMA2D_HandleTypeDef*)	8	static
