MCUInstrumentation.hpp:122:22:virtual uint32_t touchgfx::MCUInstrumentation::getCCConsumed()	0	static
MCUInstrumentation.hpp:136:18:virtual void touchgfx::MCUInstrumentation::setCCConsumed(uint32_t)	0	static
STM32F7Instrumentation.cpp:111:14:virtual unsigned int touchgfx::STM32F7Instrumentation::getElapsedUS(unsigned int, unsigned int, unsigned int)	0	static
STM32F7Instrumentation.cpp:116:14:virtual unsigned int touchgfx::STM32F7Instrumentation::getCPUCycles()	0	static
STM32F7Instrumentation.cpp:121:6:virtual void touchgfx::STM32F7Instrumentation::setMCUActive(bool)	8	static
STM32F7Instrumentation.hpp:48:7:touchgfx::STM32F7Instrumentation::~STM32F7Instrumentation()	0	static
STM32F7Instrumentation.cpp:16:6:virtual void touchgfx::STM32F7Instrumentation::init()	144	static
STM32F7Instrumentation.hpp:48:7:virtual touchgfx::STM32F7Instrumentation::~STM32F7Instrumentation()	8	static
