Transition.hpp:100:18:virtual void touchgfx::Transition::tearDown()	0	static
Transition.hpp:110:18:virtual void touchgfx::Transition::init()	0	static
Transition.hpp:122:18:virtual void touchgfx::Transition::setScreenContainer(touchgfx::Container&)	0	static
Application.hpp:97:18:virtual void touchgfx::Application::appSwitchScreen(uint8_t)	0	static
MVPApplication.hpp:79:18:virtual void touchgfx::MVPApplication::handlePendingScreenTransition()	8	static
FrontendApplicationBase.hpp:16:13:FrontendApplicationBase::~FrontendApplicationBase()	0	static
NoTransition.hpp:52:13:touchgfx::NoTransition::~NoTransition()	0	static
NoTransition.hpp:61:18:virtual void touchgfx::NoTransition::handleTickEvent()	0	static
Callback.hpp:469:8:touchgfx::Callback<touchgfx::SlideTransition<(touchgfx::Direction)3u>, touchgfx::Drawable&, void, void>::~Callback()	0	static
SlideTransition.hpp:253:18:void touchgfx::SlideTransition<templateDirection>::tickMoveDrawable(touchgfx::Drawable&) [with touchgfx::Direction templateDirection = (touchgfx::Direction)3u]	16	static
Callback.hpp:557:8:touchgfx::Callback<FrontendApplicationBase>::~Callback()	0	static
SlideTransition.hpp:181:18:void touchgfx::SlideTransition<templateDirection>::tearDown() [with touchgfx::Direction templateDirection = (touchgfx::Direction)3u]	8	static
SlideTransition.hpp:198:18:void touchgfx::SlideTransition<templateDirection>::init() [with touchgfx::Direction templateDirection = (touchgfx::Direction)3u]	40	static
SlideTransition.hpp:222:18:void touchgfx::SlideTransition<templateDirection>::initMoveDrawable(touchgfx::Drawable&) [with touchgfx::Direction templateDirection = (touchgfx::Direction)3u]	8	static
Callback.hpp:511:18:void touchgfx::Callback<dest_type, T1, void, void>::execute(T1) [with dest_type = touchgfx::SlideTransition<(touchgfx::Direction)3u>; T1 = touchgfx::Drawable&]	8	static
Callback.hpp:525:18:bool touchgfx::Callback<dest_type, T1, void, void>::isValid() const [with dest_type = touchgfx::SlideTransition<(touchgfx::Direction)3u>; T1 = touchgfx::Drawable&]	0	static
Callback.hpp:595:18:void touchgfx::Callback<dest_type, void, void, void>::execute() [with dest_type = FrontendApplicationBase]	8	static
Callback.hpp:609:18:bool touchgfx::Callback<dest_type, void, void, void>::isValid() const [with dest_type = FrontendApplicationBase]	0	static
NoTransition.hpp:52:13:virtual touchgfx::NoTransition::~NoTransition()	8	static
FrontendApplicationBase.hpp:16:13:virtual FrontendApplicationBase::~FrontendApplicationBase()	8	static
Callback.hpp:557:8:virtual touchgfx::Callback<FrontendApplicationBase>::~Callback()	8	static
Callback.hpp:469:8:virtual touchgfx::Callback<touchgfx::SlideTransition<(touchgfx::Direction)3u>, touchgfx::Drawable&, void, void>::~Callback()	8	static
FrontendApplicationBase.cpp:20:1:FrontendApplicationBase::FrontendApplicationBase(Model&, FrontendHeap&)	16	static
FrontendApplicationBase.cpp:34:6:void FrontendApplicationBase::gotoScreen1ScreenNoTransition()	40	static
FrontendApplicationBase.cpp:46:6:void FrontendApplicationBase::gotoScreen1ScreenSlideTransitionWest()	40	static
FrontendApplicationBase.cpp:59:6:void FrontendApplicationBase::gotoScreen2ScreenSlideTransitionWest()	40	static
FrontendApplicationBase.cpp:72:6:void FrontendApplicationBase::gotoScreen3ScreenSlideTransitionWest()	40	static
MVPApplication.hpp:192:16:PresenterType* touchgfx::makeTransition(touchgfx::Screen**, touchgfx::Presenter**, touchgfx::MVPHeap&, touchgfx::Transition**, ModelType*) [with ScreenType = Screen1View; PresenterType = Screen1Presenter; TransType = touchgfx::NoTransition; ModelType = Model]	32	static
FrontendApplicationBase.cpp:40:6:void FrontendApplicationBase::gotoScreen1ScreenNoTransitionImpl()	16	static
MVPApplication.hpp:192:16:PresenterType* touchgfx::makeTransition(touchgfx::Screen**, touchgfx::Presenter**, touchgfx::MVPHeap&, touchgfx::Transition**, ModelType*) [with ScreenType = Screen3View; PresenterType = Screen3Presenter; TransType = touchgfx::SlideTransition<(touchgfx::Direction)3u>; ModelType = Model]	64	static
FrontendApplicationBase.cpp:78:6:void FrontendApplicationBase::gotoScreen3ScreenSlideTransitionWestImpl()	16	static
MVPApplication.hpp:192:16:PresenterType* touchgfx::makeTransition(touchgfx::Screen**, touchgfx::Presenter**, touchgfx::MVPHeap&, touchgfx::Transition**, ModelType*) [with ScreenType = Screen1View; PresenterType = Screen1Presenter; TransType = touchgfx::SlideTransition<(touchgfx::Direction)3u>; ModelType = Model]	64	static
FrontendApplicationBase.cpp:52:6:void FrontendApplicationBase::gotoScreen1ScreenSlideTransitionWestImpl()	16	static
MVPApplication.hpp:192:16:PresenterType* touchgfx::makeTransition(touchgfx::Screen**, touchgfx::Presenter**, touchgfx::MVPHeap&, touchgfx::Transition**, ModelType*) [with ScreenType = Screen2View; PresenterType = Screen2Presenter; TransType = touchgfx::SlideTransition<(touchgfx::Direction)3u>; ModelType = Model]	64	static
FrontendApplicationBase.cpp:65:6:void FrontendApplicationBase::gotoScreen2ScreenSlideTransitionWestImpl()	16	static
SlideTransition.hpp:115:18:void touchgfx::SlideTransition<templateDirection>::handleTickEvent() [with touchgfx::Direction templateDirection = (touchgfx::Direction)3u]	16	static
SlideTransition.hpp:101:13:touchgfx::SlideTransition<templateDirection>::~SlideTransition() [with touchgfx::Direction templateDirection = (touchgfx::Direction)3u]	8	static
SlideTransition.hpp:101:13:touchgfx::SlideTransition<templateDirection>::~SlideTransition() [with touchgfx::Direction templateDirection = (touchgfx::Direction)3u]	8	static
