LCD_Keypad_Shield.c:54:10:micros	8	static
LCD_Keypad_Shield.c:58:6:delay_us	16	static
LCD_Keypad_Shield.c:321:6:write4bits	16	static
LCD_Keypad_Shield.c:299:6:send	8	static
LCD_Keypad_Shield.c:287:6:command	0	static
LCD_Keypad_Shield.c:174:6:lcd_clear	8	static
LCD_Keypad_Shield.c:180:6:lcd_home	8	static
LCD_Keypad_Shield.c:186:6:lcd_setCursor	8	static
LCD_Keypad_Shield.c:197:6:lcd_noDisplay	0	static
LCD_Keypad_Shield.c:202:6:lcd_display	0	static
LCD_Keypad_Shield.c:85:6:lcd_Init	8	static
LCD_Keypad_Shield.c:208:6:lcd_noCursor	0	static
LCD_Keypad_Shield.c:212:6:lcd_cursor	0	static
LCD_Keypad_Shield.c:218:6:lcd_noBlink	0	static
LCD_Keypad_Shield.c:222:6:lcd_blink	0	static
LCD_Keypad_Shield.c:228:6:lcd_scrollDisplayLeft	0	static
LCD_Keypad_Shield.c:231:6:lcd_scrollDisplayRight	0	static
LCD_Keypad_Shield.c:236:6:lcd_leftToRight	0	static
LCD_Keypad_Shield.c:242:6:lcd_rightToLeft	0	static
LCD_Keypad_Shield.c:248:6:lcd_autoscroll	0	static
LCD_Keypad_Shield.c:254:6:lcd_noAutoscroll	0	static
LCD_Keypad_Shield.c:261:6:lcd_createChar	16	static
LCD_Keypad_Shield.c:270:6:lcd_putchar	0	static
LCD_Keypad_Shield.c:274:6:lcd_string	8	static
LCD_Keypad_Shield.c:280:6:lcd_setCurStr	8	static
